<html>
<body>
<pre>
<h1>µVision Build Log</h1>
<h2>Tool Versions:</h2>
IDE-Version: ¦ÌVision V5.32.0.0
Copyright (C) 2020 ARM Ltd and ARM Germany GmbH. All rights reserved.
License Information: tao tao, tao, LIC=47GU5-GRF5R-VE1HA-1T0FH-MC3LL-T0JCB
 
Tool Versions:
Toolchain:       MDK-ARM Plus  Version: 5.32.0.0
Toolchain Path:  C:\Keil_v5\ARM\ARMCC\Bin
C Compiler:      Armcc.exe V5.06 update 7 (build 960)
Assembler:       Armasm.exe V5.06 update 7 (build 960)
Linker/Locator:  ArmLink.exe V5.06 update 7 (build 960)
Library Manager: ArmAr.exe V5.06 update 7 (build 960)
Hex Converter:   FromElf.exe V5.06 update 7 (build 960)
CPU DLL:         SARMCM3.DLL V5.32.0.0
Dialog DLL:      DCM.DLL V1.17.3.0
Target DLL:      Segger\JL2CM3.dll V2.99.38.0
Dialog DLL:      TCM.DLL V1.46.0.0
 
<h2>Project:</h2>
E:\program\chushiji\MDK-ARM\chushiji.uvprojx
Project File Date:  01/10/2022

<h2>Output:</h2>
*** Using Compiler 'V5.06 update 7 (build 960)', folder: 'C:\Keil_v5\ARM\ARMCC\Bin'
Rebuild target 'chushiji'
assembling startup_stm32f407xx.s...
compiling stm32f4xx_hal_i2c_ex.c...
compiling stm32f4xx_hal_uart.c...
compiling stm32f4xx_hal_i2c.c...
compiling stm32f4xx_hal_rcc_ex.c...
compiling stm32f4xx_hal_msp.c...
compiling stm32f4xx_hal_timebase_tim.c...
compiling stm32f4xx_it.c...
compiling stm32f4xx_hal_flash.c...
compiling stm32f4xx_hal_eth.c...
compiling stm32f4xx_hal_rcc.c...
compiling main.c...
compiling stm32f4xx_hal_cortex.c...
compiling stm32f4xx_hal_pwr.c...
compiling stm32f4xx_hal.c...
compiling stm32f4xx_hal_flash_ramfunc.c...
compiling stm32f4xx_hal_dma.c...
compiling stm32f4xx_hal_exti.c...
compiling stm32f4xx_hal_pwr_ex.c...
compiling stm32f4xx_hal_dma_ex.c...
compiling stm32f4xx_hal_flash_ex.c...
compiling stm32f4xx_hal_gpio.c...
compiling stm32f4xx_hal_tim.c...
compiling system_stm32f4xx.c...
compiling chap-md5.c...
compiling auth.c...
compiling chap_ms.c...
compiling demand.c...
compiling stm32f4xx_hal_tim_ex.c...
compiling ccp.c...
compiling chap-new.c...
compiling lwip.c...
compiling ethernetif.c...
compiling eui64.c...
compiling multilink.c...
compiling eap.c...
compiling fsm.c...
compiling ipv6cp.c...
compiling lcp.c...
compiling pppapi.c...
compiling mppe.c...
compiling ipcp.c...
compiling ppp.c...
compiling magic.c...
compiling pppcrypt.c...
compiling lowpan6.c...
compiling vj.c...
compiling upap.c...
compiling pppos.c...
compiling utils.c...
compiling pppol2tp.c...
compiling pppoe.c...
compiling ethernet.c...
compiling bridgeif_fdb.c...
compiling bridgeif.c...
compiling lowpan6_ble.c...
compiling lowpan6_common.c...
compiling zepif.c...
compiling netdb.c...
compiling api_lib.c...
compiling if_api.c...
compiling ecp.c...
compiling netbuf.c...
compiling err.c...
compiling api_msg.c...
compiling slipif.c...
compiling netifapi.c...
compiling sockets.c...
compiling def.c...
compiling altcp_tcp.c...
compiling altcp.c...
compiling tcpip.c...
compiling altcp_alloc.c...
compiling dns.c...
compiling inet_chksum.c...
compiling ip.c...
compiling init.c...
compiling raw.c...
compiling mem.c...
compiling stats.c...
compiling sys.c...
compiling memp.c...
compiling pbuf.c...
compiling netif.c...
compiling tcp_in.c...
compiling tcp.c...
compiling timeouts.c...
compiling tcp_out.c...
compiling autoip.c...
compiling igmp.c...
compiling dhcp.c...
compiling dhcp6.c...
compiling ip4_addr.c...
compiling udp.c...
compiling etharp.c...
compiling icmp.c...
compiling ip4.c...
compiling ip4_frag.c...
compiling ethip6.c...
compiling ip6.c...
compiling inet6.c...
compiling EEPROM.c...
compiling mld6.c...
compiling icmp6.c...
compiling AHT20.c...
..\AHT20\AHT20.c(434): warning:  #550-D: variable "Byte_first"  was set but never used
  	uint8_t Byte_first,Byte_second,Byte_third,Byte_fourth;
..\AHT20\AHT20.c(434): warning:  #177-D: variable "Byte_fourth"  was declared but never referenced
  	uint8_t Byte_first,Byte_second,Byte_third,Byte_fourth;
..\AHT20\AHT20.c: 2 warnings, 0 errors
compiling nd6.c...
compiling ip6_addr.c...
compiling ip6_frag.c...
compiling mqtt.c...
linking...
Program Size: Code=57438 RO-data=1006 RW-data=244 ZI-data=28804  
FromELF: creating hex file...
"chushiji\chushiji.axf" - 0 Error(s), 2 Warning(s).

<h2>Software Packages used:</h2>

Package Vendor: ARM
                http://www.keil.com/pack/ARM.CMSIS.5.7.0.pack
                ARM.CMSIS.5.7.0
                CMSIS (Cortex Microcontroller Software Interface Standard)
   * Component: CORE Version: 5.4.0

Package Vendor: Keil
                http://www.keil.com/pack/Keil.STM32F4xx_DFP.2.15.0.pack
                Keil.STM32F4xx_DFP.2.15.0
                STMicroelectronics STM32F4 Series Device Support, Drivers and Examples

<h2>Collection of Component include folders:</h2>
  .\RTE\_chushiji
  C:\Keil_v5\ARM\PACK\ARM\CMSIS\5.7.0\CMSIS\Core\Include
  C:\Keil_v5\ARM\PACK\Keil\STM32F4xx_DFP\2.15.0\Drivers\CMSIS\Device\ST\STM32F4xx\Include

<h2>Collection of Component Files used:</h2>

   * Component: ARM::CMSIS:CORE:5.4.0
Build Time Elapsed:  00:00:46
</pre>
</body>
</html>
